{
    "Single-End Data": {
        "content": [
            {
                "0": [
                    [
                        "testSample_101",
                        {
                            "sampleID": "testSample_101",
                            "lane": "lane1",
                            "replicate": "NA",
                            "id": "testSample_101",
                            "size": 1
                        },
                        [
                            "h"
                        ]
                    ],
                    [
                        "testSample_42",
                        {
                            "sampleID": "testSample_42",
                            "lane": "lane1",
                            "replicate": "NA",
                            "id": "testSample_42",
                            "size": 1
                        },
                        [
                            "h"
                        ]
                    ]
                ],
                "read_meta_ch": [
                    [
                        "testSample_101",
                        {
                            "sampleID": "testSample_101",
                            "lane": "lane1",
                            "replicate": "NA",
                            "id": "testSample_101",
                            "size": 1
                        },
                        [
                            "h"
                        ]
                    ],
                    [
                        "testSample_42",
                        {
                            "sampleID": "testSample_42",
                            "lane": "lane1",
                            "replicate": "NA",
                            "id": "testSample_42",
                            "size": 1
                        },
                        [
                            "h"
                        ]
                    ]
                ]
            }
        ],
        "meta": {
            "nf-test": "0.8.4",
            "nextflow": "24.10.5"
        },
        "timestamp": "2025-03-12T14:19:21.095552343"
    },
    "Multiple Lanes Paired-End Data": {
        "content": [
            {
                "0": [
                    [
                        "testSample_42",
                        {
                            "sampleID": "testSample_42",
                            "lane": "lane1",
                            "replicate": "NA",
                            "id": "testSample_42",
                            "size": 2
                        },
                        [
                            "h",
                            "t"
                        ]
                    ],
                    [
                        "testSample_42",
                        {
                            "sampleID": "testSample_42",
                            "lane": "lane2",
                            "replicate": "NA",
                            "id": "testSample_42",
                            "size": 2
                        },
                        [
                            "h",
                            "t"
                        ]
                    ]
                ],
                "read_meta_ch": [
                    [
                        "testSample_42",
                        {
                            "sampleID": "testSample_42",
                            "lane": "lane1",
                            "replicate": "NA",
                            "id": "testSample_42",
                            "size": 2
                        },
                        [
                            "h",
                            "t"
                        ]
                    ],
                    [
                        "testSample_42",
                        {
                            "sampleID": "testSample_42",
                            "lane": "lane2",
                            "replicate": "NA",
                            "id": "testSample_42",
                            "size": 2
                        },
                        [
                            "h",
                            "t"
                        ]
                    ]
                ]
            }
        ],
        "meta": {
            "nf-test": "0.8.4",
            "nextflow": "24.10.5"
        },
        "timestamp": "2025-03-12T14:19:31.958407524"
    },
    "Multiple Lanes Single-End Data": {
        "content": [
            {
                "0": [
                    [
                        "testSample_42",
                        {
                            "sampleID": "testSample_42",
                            "lane": "lane1",
                            "replicate": "NA",
                            "id": "testSample_42",
                            "size": 2
                        },
                        [
                            "h"
                        ]
                    ],
                    [
                        "testSample_42",
                        {
                            "sampleID": "testSample_42",
                            "lane": "lane2",
                            "replicate": "NA",
                            "id": "testSample_42",
                            "size": 2
                        },
                        [
                            "h"
                        ]
                    ]
                ],
                "read_meta_ch": [
                    [
                        "testSample_42",
                        {
                            "sampleID": "testSample_42",
                            "lane": "lane1",
                            "replicate": "NA",
                            "id": "testSample_42",
                            "size": 2
                        },
                        [
                            "h"
                        ]
                    ],
                    [
                        "testSample_42",
                        {
                            "sampleID": "testSample_42",
                            "lane": "lane2",
                            "replicate": "NA",
                            "id": "testSample_42",
                            "size": 2
                        },
                        [
                            "h"
                        ]
                    ]
                ]
            }
        ],
        "meta": {
            "nf-test": "0.8.4",
            "nextflow": "24.10.5"
        },
        "timestamp": "2025-03-12T14:19:42.583735063"
    },
    "Paired-End Data": {
        "content": [
            {
                "0": [
                    [
                        "testSample_101",
                        {
                            "sampleID": "testSample_101",
                            "lane": "lane1",
                            "replicate": "NA",
                            "id": "testSample_101",
                            "size": 1
                        },
                        [
                            "h",
                            "t"
                        ]
                    ],
                    [
                        "testSample_42",
                        {
                            "sampleID": "testSample_42",
                            "lane": "lane1",
                            "replicate": "NA",
                            "id": "testSample_42",
                            "size": 1
                        },
                        [
                            "h",
                            "t"
                        ]
                    ]
                ],
                "read_meta_ch": [
                    [
                        "testSample_101",
                        {
                            "sampleID": "testSample_101",
                            "lane": "lane1",
                            "replicate": "NA",
                            "id": "testSample_101",
                            "size": 1
                        },
                        [
                            "h",
                            "t"
                        ]
                    ],
                    [
                        "testSample_42",
                        {
                            "sampleID": "testSample_42",
                            "lane": "lane1",
                            "replicate": "NA",
                            "id": "testSample_42",
                            "size": 1
                        },
                        [
                            "h",
                            "t"
                        ]
                    ]
                ]
            }
        ],
        "meta": {
            "nf-test": "0.8.4",
            "nextflow": "24.10.5"
        },
        "timestamp": "2025-03-12T14:19:10.547247102"
    }
}